cat: /home/moyamryia/Projects/riscv-accl-bench-2026-09-27/k1-profile-20261002-154340/exit-status: No such file or directory
cat: /home/moyamryia/Projects/riscv-accl-bench-2026-09-27/k1-profile-20261002-154340/exit-status: No such file or directory
cat: /home/moyamryia/Projects/riscv-accl-bench-2026-09-27/k1-profile-20261002-154340/exit-status: No such file or directory
cat: /home/moyamryia/Projects/riscv-accl-bench-2026-09-27/k1-profile-20261002-154340/exit-status: No such file or directory
cat: /home/moyamryia/Projects/riscv-accl-bench-2026-09-27/k1-profile-20261002-154340/exit-status: No such file or directory
cat: /home/moyamryia/Projects/riscv-accl-bench-2026-09-27/k1-profile-20261002-154340/exit-status: No such file or directory
cat: /home/moyamryia/Projects/riscv-accl-bench-2026-09-27/k1-profile-20261002-154340/exit-status: No such file or directory
cat: /home/moyamryia/Projects/riscv-accl-bench-2026-09-27/k1-profile-20261002-154340/exit-status: No such file or directory
cat: /home/moyamryia/Projects/riscv-accl-bench-2026-09-27/k1-profile-20261002-154340/exit-status: No such file or directory
Traceback (most recent call last):
  File "/home/moyamryia/Projects/riscv-accl/spacemit/bench/start-k1-prefill-profile.py", line 78, in <module>
    collect(args.run_dir.resolve())
  File "/home/moyamryia/Projects/riscv-accl/spacemit/bench/start-k1-prefill-profile.py", line 39, in collect
    subprocess.run(['scp', f'{board}:{target}/{name}', str(root)], check=True, timeout=180)
  File "/usr/lib/python3.10/subprocess.py", line 505, in run
    stdout, stderr = process.communicate(input, timeout=timeout)
  File "/usr/lib/python3.10/subprocess.py", line 1154, in communicate
    stdout, stderr = self._communicate(input, endtime, timeout)
  File "/usr/lib/python3.10/subprocess.py", line 2047, in _communicate
    self.wait(timeout=self._remaining_time(endtime))
  File "/usr/lib/python3.10/subprocess.py", line 1209, in wait
    return self._wait(timeout=timeout)
  File "/usr/lib/python3.10/subprocess.py", line 1951, in _wait
    raise TimeoutExpired(self.args, timeout)
subprocess.TimeoutExpired: Command '['scp', 'musepipro-wg:/home/moyamryia/Projects/riscv-accl-bench-2026-09-27/k1-profile-20261002-154340/4B.lost.txt', '/home/moyamryia/Projects/riscv-accl/spacemit/reports/raw/k1-profile-20261002-154340']' timed out after 179.9999894240027 seconds
