verify deployed model/runtime provenance
memory streaming before
memory-before-256-0
memory-before-256-0_1
memory-before-256-0_1_2_3
memory-before-256-4_5_6_7
memory-before-256-0_1_2_3_4_5_6_7
memory-before-1024-0
memory-before-1024-0_1
memory-before-1024-0_1_2_3
memory-before-1024-4_5_6_7
memory-before-1024-0_1_2_3_4_5_6_7
memory-before-2304-0
memory-before-2304-0_1
memory-before-2304-0_1_2_3
memory-before-2304-4_5_6_7
memory-before-2304-0_1_2_3_4_5_6_7
direct inference 2B-p256-r0-route0
direct inference 2B-p256-r0-route3
direct inference 2B-p256-r1-route3
direct inference 2B-p256-r1-route0
direct inference 2B-p256-r2-route0
direct inference 2B-p256-r2-route3
direct inference 2B-p2048-r0-route0
direct inference 2B-p2048-r0-route3
direct inference 2B-p2048-r1-route3
direct inference 2B-p2048-r1-route0
direct inference 2B-p2048-r2-route0
direct inference 2B-p2048-r2-route3
direct inference 4B-p256-r0-route0
direct inference 4B-p256-r0-route3
direct inference 4B-p256-r1-route3
direct inference 4B-p256-r1-route0
direct inference 4B-p256-r2-route0
direct inference 4B-p256-r2-route3
direct inference 4B-p2048-r0-route0
direct inference 4B-p2048-r0-route3
direct inference 4B-p2048-r1-route3
direct inference 4B-p2048-r1-route0
direct inference 4B-p2048-r2-route0
direct inference 4B-p2048-r2-route3
optimized 2k prefill CPU profile 2B
profile 2B
optimized 2k prefill CPU profile 4B
profile 4B
memory streaming after
memory-after-2304-0_1_2_3_4_5_6_7
memory-after-2304-4_5_6_7
memory-after-2304-0_1_2_3
memory-after-2304-0_1
memory-after-2304-0
memory-after-1024-0_1_2_3_4_5_6_7
memory-after-1024-4_5_6_7
memory-after-1024-0_1_2_3
memory-after-1024-0_1
memory-after-1024-0
memory-after-256-0_1_2_3_4_5_6_7
memory-after-256-4_5_6_7
memory-after-256-0_1_2_3
memory-after-256-0_1
memory-after-256-0
complete
