verify fixed runtime and model hashes
2B smoke off
2B smoke on
2B forced replay boundary
2B measured-cost boundary
2B smoke off after fallback
2B cached on after off
2B missing calibration
2B calibrate unicode_offsets
2B calibrate chinese_policy
2B calibrate routes
2B-r0-direct unicode_offsets
2B-r0-direct chinese_policy
2B-r0-direct routes
2B-r0-loaded_off unicode_offsets
2B-r0-loaded_off chinese_policy
2B-r0-loaded_off routes
2B-r0-adaptive unicode_offsets
2B-r0-adaptive chinese_policy
2B-r0-adaptive routes
2B-r1-adaptive routes
2B-r1-adaptive chinese_policy
2B-r1-adaptive unicode_offsets
2B-r1-direct routes
2B-r1-direct chinese_policy
2B-r1-direct unicode_offsets
2B-r1-loaded_off routes
2B-r1-loaded_off chinese_policy
2B-r1-loaded_off unicode_offsets
2B-r2-loaded_off unicode_offsets
2B-r2-loaded_off chinese_policy
2B-r2-loaded_off routes
2B-r2-adaptive unicode_offsets
2B-r2-adaptive chinese_policy
2B-r2-adaptive routes
2B-r2-direct unicode_offsets
2B-r2-direct chinese_policy
2B-r2-direct routes
4B smoke off
4B smoke on
4B forced replay boundary
4B measured-cost boundary
4B smoke off after fallback
4B cached on after off
4B missing calibration
4B calibrate unicode_offsets
4B calibrate chinese_policy
4B calibrate routes
4B-r0-direct unicode_offsets
4B-r0-direct chinese_policy
4B-r0-direct routes
4B-r0-loaded_off unicode_offsets
4B-r0-loaded_off chinese_policy
4B-r0-loaded_off routes
4B-r0-adaptive unicode_offsets
4B-r0-adaptive chinese_policy
4B-r0-adaptive routes
4B-r1-adaptive routes
4B-r1-adaptive chinese_policy
4B-r1-adaptive unicode_offsets
4B-r1-direct routes
4B-r1-direct chinese_policy
4B-r1-direct unicode_offsets
4B-r1-loaded_off routes
4B-r1-loaded_off chinese_policy
4B-r1-loaded_off unicode_offsets
4B-r2-loaded_off unicode_offsets
4B-r2-loaded_off chinese_policy
4B-r2-loaded_off routes
4B-r2-adaptive unicode_offsets
4B-r2-adaptive chinese_policy
4B-r2-adaptive routes
4B-r2-direct unicode_offsets
4B-r2-direct chinese_policy
4B-r2-direct routes
generation completed; collection/scoring pending
