verify fixed runtime and model hashes
2B smoke off
2B smoke on
2B forced replay boundary
2B measured-cost boundary
2B smoke off after fallback
2B cached on after off
2B missing calibration
4B smoke off
4B smoke on
4B forced replay boundary
4B measured-cost boundary
4B smoke off after fallback
4B cached on after off
4B missing calibration
2B calibrate unicode_offsets
failed
Traceback (most recent call last):
  File "/home/moyamryia/Projects/riscv-accl-bench-2026-09-27/adaptive-mtp-20261004-202501/adaptive-mtp-test.py", line 210, in <module>
    p=argparse.ArgumentParser(description=__doc__);p.add_argument('root',type=Path);Run(p.parse_args().root.resolve()).run()
                                                                                    ^^^^^^^^^^^^^^^^^^^^^^^^^^^^^^^^^^^^^^^^
  File "/home/moyamryia/Projects/riscv-accl-bench-2026-09-27/adaptive-mtp-20261004-202501/adaptive-mtp-test.py", line 204, in run
    for size in ('2B','4B'):self.model(size)
                            ^^^^^^^^^^^^^^^^
  File "/home/moyamryia/Projects/riscv-accl-bench-2026-09-27/adaptive-mtp-20261004-202501/adaptive-mtp-test.py", line 164, in model
    result=self.request(size,case,size+' calibrate '+case['case_id'])
           ^^^^^^^^^^^^^^^^^^^^^^^^^^^^^^^^^^^^^^^^^^^^^^^^^^^^^^^^^^
  File "/home/moyamryia/Projects/riscv-accl-bench-2026-09-27/adaptive-mtp-20261004-202501/adaptive-mtp-test.py", line 104, in request
    if not diagnostic and not all(audit.values()):raise ValueError('incomplete/cached/count-invalid benchmark answer')
                                                  ^^^^^^^^^^^^^^^^^^^^^^^^^^^^^^^^^^^^^^^^^^^^^^^^^^^^^^^^^^^^^^^^^^^^
ValueError: incomplete/cached/count-invalid benchmark answer
