In file included from /home/moyamryia/Projects/riscv-accl-bench-2026-09-27/k1-attention-infra-20261002-205454/test-k1-attention-infra.cpp:3:
/home/moyamryia/Projects/riscv-accl-bench-2026-09-27/k1-layout-20260930-153134/source/ggml/src/ggml-cpu/ops.h:10:30: warning: use of ‘std::hardware_destructive_interference_size’ [-Winterference-size]
   10 | #define CACHE_LINE_SIZE std::hardware_destructive_interference_size
      |                         ~~~~~^~~~~~~~~~~~~~~~~~~~~~~~~~~~~~~~~~~~~~
/home/moyamryia/Projects/riscv-accl-bench-2026-09-27/k1-layout-20260930-153134/source/ggml/src/ggml-cpu/ops.h:21:43: note: in expansion of macro ‘CACHE_LINE_SIZE’
   21 | static const size_t CACHE_LINE_SIZE_F32 = CACHE_LINE_SIZE/sizeof(float);
      |                                           ^~~~~~~~~~~~~~~
/home/moyamryia/Projects/riscv-accl-bench-2026-09-27/k1-layout-20260930-153134/source/ggml/src/ggml-cpu/ops.h:10:30: note: its value can vary between compiler versions or with different ‘-mtune’ or ‘-mcpu’ flags
   10 | #define CACHE_LINE_SIZE std::hardware_destructive_interference_size
      |                         ~~~~~^~~~~~~~~~~~~~~~~~~~~~~~~~~~~~~~~~~~~~
/home/moyamryia/Projects/riscv-accl-bench-2026-09-27/k1-layout-20260930-153134/source/ggml/src/ggml-cpu/ops.h:21:43: note: in expansion of macro ‘CACHE_LINE_SIZE’
   21 | static const size_t CACHE_LINE_SIZE_F32 = CACHE_LINE_SIZE/sizeof(float);
      |                                           ^~~~~~~~~~~~~~~
/home/moyamryia/Projects/riscv-accl-bench-2026-09-27/k1-layout-20260930-153134/source/ggml/src/ggml-cpu/ops.h:10:30: note: if this use is part of a public ABI, change it to instead use a constant variable you define
   10 | #define CACHE_LINE_SIZE std::hardware_destructive_interference_size
      |                         ~~~~~^~~~~~~~~~~~~~~~~~~~~~~~~~~~~~~~~~~~~~
/home/moyamryia/Projects/riscv-accl-bench-2026-09-27/k1-layout-20260930-153134/source/ggml/src/ggml-cpu/ops.h:21:43: note: in expansion of macro ‘CACHE_LINE_SIZE’
   21 | static const size_t CACHE_LINE_SIZE_F32 = CACHE_LINE_SIZE/sizeof(float);
      |                                           ^~~~~~~~~~~~~~~
/home/moyamryia/Projects/riscv-accl-bench-2026-09-27/k1-layout-20260930-153134/source/ggml/src/ggml-cpu/ops.h:10:30: note: the default value for the current CPU tuning is 32 bytes
   10 | #define CACHE_LINE_SIZE std::hardware_destructive_interference_size
      |                         ~~~~~^~~~~~~~~~~~~~~~~~~~~~~~~~~~~~~~~~~~~~
/home/moyamryia/Projects/riscv-accl-bench-2026-09-27/k1-layout-20260930-153134/source/ggml/src/ggml-cpu/ops.h:21:43: note: in expansion of macro ‘CACHE_LINE_SIZE’
   21 | static const size_t CACHE_LINE_SIZE_F32 = CACHE_LINE_SIZE/sizeof(float);
      |                                           ^~~~~~~~~~~~~~~
/home/moyamryia/Projects/riscv-accl-bench-2026-09-27/k1-layout-20260930-153134/source/ggml/src/ggml-cpu/ops.h:10:30: note: you can stabilize this value with ‘--param hardware_destructive_interference_size=32’, or disable this warning with ‘-Wno-interference-size’
   10 | #define CACHE_LINE_SIZE std::hardware_destructive_interference_size
      |                         ~~~~~^~~~~~~~~~~~~~~~~~~~~~~~~~~~~~~~~~~~~~
/home/moyamryia/Projects/riscv-accl-bench-2026-09-27/k1-layout-20260930-153134/source/ggml/src/ggml-cpu/ops.h:21:43: note: in expansion of macro ‘CACHE_LINE_SIZE’
   21 | static const size_t CACHE_LINE_SIZE_F32 = CACHE_LINE_SIZE/sizeof(float);
      |                                           ^~~~~~~~~~~~~~~
