Board tmux docq_document-quality-20260930-smoke; results /home/moyamryia/Projects/riscv-accl/spacemit/reports/raw/document-quality-20260930-smoke
2B-2048-cache: cold 4.0/5, cached 4.0/5
{
  "configurations": [
    {
      "label": "2B-2048",
      "status": "PILOT PASS",
      "pairs": 1,
      "completed": 1,
      "cache_verified": 1,
      "eligible": 1,
      "judged": 1,
      "median_cold_ttft_s": 101.491,
      "median_warm_ttft_s": 3.453,
      "cold_mean_score": 4.0,
      "warm_mean_score": 4.0,
      "fact_regressions": [],
      "citation_regressions": [],
      "judge_order_disagreements": [],
      "error": null
    }
  ],
  "recorded_pairs": 1,
  "eligible_pairs": 1,
  "limitations": "One public documentation corpus, six fact questions, one cloud judge; descriptive pilot only."
}
