verify fixed runtime and model hashes
2B smoke off
2B smoke on
2B forced replay boundary
2B measured-cost boundary
2B smoke off after fallback
2B cached on after off
2B missing calibration
2B calibrate unicode_offsets
2B failed; continue with remaining model
4B smoke off
4B smoke on
4B forced replay boundary
4B measured-cost boundary
4B smoke off after fallback
4B cached on after off
4B missing calibration
4B calibrate unicode_offsets
4B calibrate chinese_policy
4B calibrate routes
generation incomplete; collection/scoring pending
