prepare
numeric
operators
failed
Traceback (most recent call last):
  File "/home/moyamryia/Projects/riscv-accl-bench-2026-09-27/k1-fast-20261001-224021/k1-fast-test.py", line 412, in <module>
    raise SystemExit(main())
                     ^^^^^^
  File "/home/moyamryia/Projects/riscv-accl-bench-2026-09-27/k1-fast-20261001-224021/k1-fast-test.py", line 408, in main
    return Runner(args.root.resolve(), args.build_run.resolve(), args.mode).run()
           ^^^^^^^^^^^^^^^^^^^^^^^^^^^^^^^^^^^^^^^^^^^^^^^^^^^^^^^^^^^^^^^^^^^^^^
  File "/home/moyamryia/Projects/riscv-accl-bench-2026-09-27/k1-fast-20261001-224021/k1-fast-test.py", line 365, in run
    self.stage('operators', self.operators)
  File "/home/moyamryia/Projects/riscv-accl-bench-2026-09-27/k1-fast-20261001-224021/k1-fast-test.py", line 193, in stage
    result, artifacts = function()
                        ^^^^^^^^^^
  File "/home/moyamryia/Projects/riscv-accl-bench-2026-09-27/k1-fast-20261001-224021/k1-fast-test.py", line 273, in operators
    subprocess.run(list(map(str, [self.root / 'test-layout', '--bench', block, *shapes])),
  File "/usr/lib/python3.12/subprocess.py", line 550, in run
    stdout, stderr = process.communicate(input, timeout=timeout)
                     ^^^^^^^^^^^^^^^^^^^^^^^^^^^^^^^^^^^^^^^^^^^
  File "/usr/lib/python3.12/subprocess.py", line 1209, in communicate
    stdout, stderr = self._communicate(input, endtime, timeout)
                     ^^^^^^^^^^^^^^^^^^^^^^^^^^^^^^^^^^^^^^^^^^
  File "/usr/lib/python3.12/subprocess.py", line 2141, in _communicate
    self.wait(timeout=self._remaining_time(endtime))
  File "/usr/lib/python3.12/subprocess.py", line 1264, in wait
    return self._wait(timeout=timeout)
           ^^^^^^^^^^^^^^^^^^^^^^^^^^^
  File "/usr/lib/python3.12/subprocess.py", line 2045, in _wait
    raise TimeoutExpired(self.args, timeout)
subprocess.TimeoutExpired: Command '['/home/moyamryia/Projects/riscv-accl-bench-2026-09-27/k1-fast-20261001-224021/test-layout', '--bench', '3', '8', '2', '16', '4']' timed out after 6.026643358927686 seconds
