build generic reference and copy exact model files
2B clean reference server startup
2B reference routes
2B reference trace
2B reference aggregation
2B reference free_windows
2B reference unicode_runs
2B reference chinese_policy
4B clean reference server startup
4B reference routes
4B reference trace
4B reference aggregation
4B reference free_windows
4B reference unicode_runs
4B reference chinese_policy
2B judge routes
2B judge trace
2B judge aggregation
2B judge free_windows
2B judge unicode_runs
2B judge chinese_policy
4B judge routes
4B judge trace
4B judge aggregation
4B judge unicode_runs
4B judge chinese_policy
completed
