cat: /home/moyamryia/Projects/riscv-accl-bench-2026-09-27/k1-ssm-quality-20261006-131234/exit-status: No such file or directory
cat: /home/moyamryia/Projects/riscv-accl-bench-2026-09-27/k1-ssm-quality-20261006-131234/exit-status: No such file or directory
cat: /home/moyamryia/Projects/riscv-accl-bench-2026-09-27/k1-ssm-quality-20261006-131234/exit-status: No such file or directory
cat: /home/moyamryia/Projects/riscv-accl-bench-2026-09-27/k1-ssm-quality-20261006-131234/exit-status: No such file or directory
cat: /home/moyamryia/Projects/riscv-accl-bench-2026-09-27/k1-ssm-quality-20261006-131234/exit-status: No such file or directory
cat: /home/moyamryia/Projects/riscv-accl-bench-2026-09-27/k1-ssm-quality-20261006-131234/exit-status: No such file or directory
cat: /home/moyamryia/Projects/riscv-accl-bench-2026-09-27/k1-ssm-quality-20261006-131234/exit-status: No such file or directory
cat: /home/moyamryia/Projects/riscv-accl-bench-2026-09-27/k1-ssm-quality-20261006-131234/exit-status: No such file or directory
cat: /home/moyamryia/Projects/riscv-accl-bench-2026-09-27/k1-ssm-quality-20261006-131234/exit-status: No such file or directory
cat: /home/moyamryia/Projects/riscv-accl-bench-2026-09-27/k1-ssm-quality-20261006-131234/exit-status: No such file or directory
cat: /home/moyamryia/Projects/riscv-accl-bench-2026-09-27/k1-ssm-quality-20261006-131234/exit-status: No such file or directory
cat: /home/moyamryia/Projects/riscv-accl-bench-2026-09-27/k1-ssm-quality-20261006-131234/exit-status: No such file or directory
cat: /home/moyamryia/Projects/riscv-accl-bench-2026-09-27/k1-ssm-quality-20261006-131234/exit-status: No such file or directory
cat: /home/moyamryia/Projects/riscv-accl-bench-2026-09-27/k1-ssm-quality-20261006-131234/exit-status: No such file or directory
cat: /home/moyamryia/Projects/riscv-accl-bench-2026-09-27/k1-ssm-quality-20261006-131234/exit-status: No such file or directory
cat: /home/moyamryia/Projects/riscv-accl-bench-2026-09-27/k1-ssm-quality-20261006-131234/exit-status: No such file or directory
cat: /home/moyamryia/Projects/riscv-accl-bench-2026-09-27/k1-ssm-quality-20261006-131234/exit-status: No such file or directory
cat: /home/moyamryia/Projects/riscv-accl-bench-2026-09-27/k1-ssm-quality-20261006-131234/exit-status: No such file or directory
cat: /home/moyamryia/Projects/riscv-accl-bench-2026-09-27/k1-ssm-quality-20261006-131234/exit-status: No such file or directory
cat: /home/moyamryia/Projects/riscv-accl-bench-2026-09-27/k1-ssm-quality-20261006-131234/exit-status: No such file or directory
cat: /home/moyamryia/Projects/riscv-accl-bench-2026-09-27/k1-ssm-quality-20261006-131234/exit-status: No such file or directory
cat: /home/moyamryia/Projects/riscv-accl-bench-2026-09-27/k1-ssm-quality-20261006-131234/exit-status: No such file or directory
cat: /home/moyamryia/Projects/riscv-accl-bench-2026-09-27/k1-ssm-quality-20261006-131234/exit-status: No such file or directory
cat: /home/moyamryia/Projects/riscv-accl-bench-2026-09-27/k1-ssm-quality-20261006-131234/exit-status: No such file or directory
cat: /home/moyamryia/Projects/riscv-accl-bench-2026-09-27/k1-ssm-quality-20261006-131234/exit-status: No such file or directory
cat: /home/moyamryia/Projects/riscv-accl-bench-2026-09-27/k1-ssm-quality-20261006-131234/exit-status: No such file or directory
cat: /home/moyamryia/Projects/riscv-accl-bench-2026-09-27/k1-ssm-quality-20261006-131234/exit-status: No such file or directory
cat: /home/moyamryia/Projects/riscv-accl-bench-2026-09-27/k1-ssm-quality-20261006-131234/exit-status: No such file or directory
cat: /home/moyamryia/Projects/riscv-accl-bench-2026-09-27/k1-ssm-quality-20261006-131234/exit-status: No such file or directory
cat: /home/moyamryia/Projects/riscv-accl-bench-2026-09-27/k1-ssm-quality-20261006-131234/exit-status: No such file or directory
cat: /home/moyamryia/Projects/riscv-accl-bench-2026-09-27/k1-ssm-quality-20261006-131234/exit-status: No such file or directory
cat: /home/moyamryia/Projects/riscv-accl-bench-2026-09-27/k1-ssm-quality-20261006-131234/exit-status: No such file or directory
cat: /home/moyamryia/Projects/riscv-accl-bench-2026-09-27/k1-ssm-quality-20261006-131234/exit-status: No such file or directory
cat: /home/moyamryia/Projects/riscv-accl-bench-2026-09-27/k1-ssm-quality-20261006-131234/exit-status: No such file or directory
cat: /home/moyamryia/Projects/riscv-accl-bench-2026-09-27/k1-ssm-quality-20261006-131234/exit-status: No such file or directory
cat: /home/moyamryia/Projects/riscv-accl-bench-2026-09-27/k1-ssm-quality-20261006-131234/exit-status: No such file or directory
cat: /home/moyamryia/Projects/riscv-accl-bench-2026-09-27/k1-ssm-quality-20261006-131234/exit-status: No such file or directory
cat: /home/moyamryia/Projects/riscv-accl-bench-2026-09-27/k1-ssm-quality-20261006-131234/exit-status: No such file or directory
cat: /home/moyamryia/Projects/riscv-accl-bench-2026-09-27/k1-ssm-quality-20261006-131234/exit-status: No such file or directory
cat: /home/moyamryia/Projects/riscv-accl-bench-2026-09-27/k1-ssm-quality-20261006-131234/exit-status: No such file or directory
cat: /home/moyamryia/Projects/riscv-accl-bench-2026-09-27/k1-ssm-quality-20261006-131234/exit-status: No such file or directory
cat: /home/moyamryia/Projects/riscv-accl-bench-2026-09-27/k1-ssm-quality-20261006-131234/exit-status: No such file or directory
cat: /home/moyamryia/Projects/riscv-accl-bench-2026-09-27/k1-ssm-quality-20261006-131234/exit-status: No such file or directory
cat: /home/moyamryia/Projects/riscv-accl-bench-2026-09-27/k1-ssm-quality-20261006-131234/exit-status: No such file or directory
cat: /home/moyamryia/Projects/riscv-accl-bench-2026-09-27/k1-ssm-quality-20261006-131234/exit-status: No such file or directory
cat: /home/moyamryia/Projects/riscv-accl-bench-2026-09-27/k1-ssm-quality-20261006-131234/exit-status: No such file or directory
cat: /home/moyamryia/Projects/riscv-accl-bench-2026-09-27/k1-ssm-quality-20261006-131234/exit-status: No such file or directory
cat: /home/moyamryia/Projects/riscv-accl-bench-2026-09-27/k1-ssm-quality-20261006-131234/exit-status: No such file or directory
cat: /home/moyamryia/Projects/riscv-accl-bench-2026-09-27/k1-ssm-quality-20261006-131234/exit-status: No such file or directory
cat: /home/moyamryia/Projects/riscv-accl-bench-2026-09-27/k1-ssm-quality-20261006-131234/exit-status: No such file or directory
cat: /home/moyamryia/Projects/riscv-accl-bench-2026-09-27/k1-ssm-quality-20261006-131234/exit-status: No such file or directory
cat: /home/moyamryia/Projects/riscv-accl-bench-2026-09-27/k1-ssm-quality-20261006-131234/exit-status: No such file or directory
cat: /home/moyamryia/Projects/riscv-accl-bench-2026-09-27/k1-ssm-quality-20261006-131234/exit-status: No such file or directory
cat: /home/moyamryia/Projects/riscv-accl-bench-2026-09-27/k1-ssm-quality-20261006-131234/exit-status: No such file or directory
cat: /home/moyamryia/Projects/riscv-accl-bench-2026-09-27/k1-ssm-quality-20261006-131234/exit-status: No such file or directory
cat: /home/moyamryia/Projects/riscv-accl-bench-2026-09-27/k1-ssm-quality-20261006-131234/exit-status: No such file or directory
cat: /home/moyamryia/Projects/riscv-accl-bench-2026-09-27/k1-ssm-quality-20261006-131234/exit-status: No such file or directory
cat: /home/moyamryia/Projects/riscv-accl-bench-2026-09-27/k1-ssm-quality-20261006-131234/exit-status: No such file or directory
cat: /home/moyamryia/Projects/riscv-accl-bench-2026-09-27/k1-ssm-quality-20261006-131234/exit-status: No such file or directory
cat: /home/moyamryia/Projects/riscv-accl-bench-2026-09-27/k1-ssm-quality-20261006-131234/exit-status: No such file or directory
cat: /home/moyamryia/Projects/riscv-accl-bench-2026-09-27/k1-ssm-quality-20261006-131234/exit-status: No such file or directory
cat: /home/moyamryia/Projects/riscv-accl-bench-2026-09-27/k1-ssm-quality-20261006-131234/exit-status: No such file or directory
cat: /home/moyamryia/Projects/riscv-accl-bench-2026-09-27/k1-ssm-quality-20261006-131234/exit-status: No such file or directory
cat: /home/moyamryia/Projects/riscv-accl-bench-2026-09-27/k1-ssm-quality-20261006-131234/exit-status: No such file or directory
cat: /home/moyamryia/Projects/riscv-accl-bench-2026-09-27/k1-ssm-quality-20261006-131234/exit-status: No such file or directory
cat: /home/moyamryia/Projects/riscv-accl-bench-2026-09-27/k1-ssm-quality-20261006-131234/exit-status: No such file or directory
cat: /home/moyamryia/Projects/riscv-accl-bench-2026-09-27/k1-ssm-quality-20261006-131234/exit-status: No such file or directory
cat: /home/moyamryia/Projects/riscv-accl-bench-2026-09-27/k1-ssm-quality-20261006-131234/exit-status: No such file or directory
cat: /home/moyamryia/Projects/riscv-accl-bench-2026-09-27/k1-ssm-quality-20261006-131234/exit-status: No such file or directory
cat: /home/moyamryia/Projects/riscv-accl-bench-2026-09-27/k1-ssm-quality-20261006-131234/exit-status: No such file or directory
cat: /home/moyamryia/Projects/riscv-accl-bench-2026-09-27/k1-ssm-quality-20261006-131234/exit-status: No such file or directory
cat: /home/moyamryia/Projects/riscv-accl-bench-2026-09-27/k1-ssm-quality-20261006-131234/exit-status: No such file or directory
cat: /home/moyamryia/Projects/riscv-accl-bench-2026-09-27/k1-ssm-quality-20261006-131234/exit-status: No such file or directory
cat: /home/moyamryia/Projects/riscv-accl-bench-2026-09-27/k1-ssm-quality-20261006-131234/exit-status: No such file or directory
cat: /home/moyamryia/Projects/riscv-accl-bench-2026-09-27/k1-ssm-quality-20261006-131234/exit-status: No such file or directory
cat: /home/moyamryia/Projects/riscv-accl-bench-2026-09-27/k1-ssm-quality-20261006-131234/exit-status: No such file or directory
cat: /home/moyamryia/Projects/riscv-accl-bench-2026-09-27/k1-ssm-quality-20261006-131234/exit-status: No such file or directory
cat: /home/moyamryia/Projects/riscv-accl-bench-2026-09-27/k1-ssm-quality-20261006-131234/exit-status: No such file or directory
cat: /home/moyamryia/Projects/riscv-accl-bench-2026-09-27/k1-ssm-quality-20261006-131234/exit-status: No such file or directory
cat: /home/moyamryia/Projects/riscv-accl-bench-2026-09-27/k1-ssm-quality-20261006-131234/exit-status: No such file or directory
cat: /home/moyamryia/Projects/riscv-accl-bench-2026-09-27/k1-ssm-quality-20261006-131234/exit-status: No such file or directory
cat: /home/moyamryia/Projects/riscv-accl-bench-2026-09-27/k1-ssm-quality-20261006-131234/exit-status: No such file or directory
cat: /home/moyamryia/Projects/riscv-accl-bench-2026-09-27/k1-ssm-quality-20261006-131234/exit-status: No such file or directory
cat: /home/moyamryia/Projects/riscv-accl-bench-2026-09-27/k1-ssm-quality-20261006-131234/exit-status: No such file or directory
cat: /home/moyamryia/Projects/riscv-accl-bench-2026-09-27/k1-ssm-quality-20261006-131234/exit-status: No such file or directory
cat: /home/moyamryia/Projects/riscv-accl-bench-2026-09-27/k1-ssm-quality-20261006-131234/exit-status: No such file or directory
cat: /home/moyamryia/Projects/riscv-accl-bench-2026-09-27/k1-ssm-quality-20261006-131234/exit-status: No such file or directory
cat: /home/moyamryia/Projects/riscv-accl-bench-2026-09-27/k1-ssm-quality-20261006-131234/exit-status: No such file or directory
cat: /home/moyamryia/Projects/riscv-accl-bench-2026-09-27/k1-ssm-quality-20261006-131234/exit-status: No such file or directory
cat: /home/moyamryia/Projects/riscv-accl-bench-2026-09-27/k1-ssm-quality-20261006-131234/exit-status: No such file or directory
cat: /home/moyamryia/Projects/riscv-accl-bench-2026-09-27/k1-ssm-quality-20261006-131234/exit-status: No such file or directory
cat: /home/moyamryia/Projects/riscv-accl-bench-2026-09-27/k1-ssm-quality-20261006-131234/exit-status: No such file or directory
cat: /home/moyamryia/Projects/riscv-accl-bench-2026-09-27/k1-ssm-quality-20261006-131234/exit-status: No such file or directory
cat: /home/moyamryia/Projects/riscv-accl-bench-2026-09-27/k1-ssm-quality-20261006-131234/exit-status: No such file or directory
cat: /home/moyamryia/Projects/riscv-accl-bench-2026-09-27/k1-ssm-quality-20261006-131234/exit-status: No such file or directory
Profile exit 0; results /home/moyamryia/Projects/riscv-accl/spacemit/reports/raw/k1-ssm-quality-20261006-131234
{
  "2B": {
    "status": "complete-answer pilot completed",
    "eligible_pairs": 6,
    "judged_pairs": 6,
    "relative_quality_gate": {
      "pass": true,
      "control_mean_score": 3.1666666666666665,
      "hybrid_mean_score": 3.1666666666666665,
      "worst_pair_score_loss": 0.0,
      "deterministic_no_regression": true,
      "thresholds": {
        "mean_score_loss": 0.25,
        "worst_pair_score_loss": 0.5
      },
      "interpretation": "descriptive pilot; no statistical noninferiority or universal equivalence claim"
    },
    "useful_answers": {
      "control": 2,
      "hybrid": 2
    },
    "all_candidate_answers_useful": false,
    "paired_total_wall_s": {
      "control": 777.534,
      "hybrid": 754.8639999999999
    },
    "total_wall_reduction_pct": 2.9156281268729156,
    "state_identity": true,
    "qualified": false
  },
  "4B": {
    "status": "complete-answer pilot completed",
    "eligible_pairs": 6,
    "judged_pairs": 6,
    "relative_quality_gate": {
      "pass": true,
      "control_mean_score": 4.5,
      "hybrid_mean_score": 4.5,
      "worst_pair_score_loss": 0.0,
      "deterministic_no_regression": true,
      "thresholds": {
        "mean_score_loss": 0.25,
        "worst_pair_score_loss": 0.5
      },
      "interpretation": "descriptive pilot; no statistical noninferiority or universal equivalence claim"
    },
    "useful_answers": {
      "control": 5,
      "hybrid": 5
    },
    "all_candidate_answers_useful": false,
    "paired_total_wall_s": {
      "control": 1767.333,
      "hybrid": 1729.7090000000003
    },
    "total_wall_reduction_pct": 2.128857436600784,
    "state_identity": true,
    "qualified": false
  }
}
