verify and build isolated convolution libraries
original/control/hybrid exact native graph gate
hybrid graph operator timing
full-model hybrid transitions/reset/RS reference fallback
2B control server startup
2B control routes
2B control trace
2B control aggregation
2B control free_windows
2B control unicode_runs
2B control chinese_policy
2B hybrid server startup
2B hybrid chinese_policy
2B hybrid unicode_runs
2B hybrid free_windows
2B hybrid aggregation
2B hybrid trace
2B hybrid routes
4B hybrid server startup
4B hybrid chinese_policy
4B hybrid unicode_runs
4B hybrid free_windows
4B hybrid aggregation
4B hybrid trace
4B hybrid routes
4B control server startup
4B control routes
4B control trace
4B control aggregation
4B control free_windows
4B control unicode_runs
4B control chinese_policy
verify preserved baseline
generation completed; judging pending
