verify fixed runtime and model hashes
2B direct routes
2B direct trace
2B direct aggregation
2B direct free_windows
2B direct unicode_runs
2B direct chinese_policy
2B mtp chinese_policy
2B mtp unicode_runs
2B mtp free_windows
2B mtp aggregation
2B mtp trace
2B mtp routes
4B mtp chinese_policy
4B mtp unicode_runs
4B mtp free_windows
4B mtp aggregation
4B mtp trace
4B mtp routes
4B direct routes
4B direct trace
4B direct aggregation
4B direct free_windows
4B direct unicode_runs
4B direct chinese_policy
generation completed; collection and judging pending
